
> linuxquest@1.0.0 build
> vite build

[36mvite v6.4.1 [32mbuilding for production...[36m[39m
transforming...
[32mÔ£ô[39m 2212 modules transformed.
node.exe : [31mÔ£ù[39m Build failed in 16.07s
In riga:1 car:1
+ & "C:\nvm4w\nodejs/node.exe" "C:\nvm4w\nodejs/node_modules/npm/bin/np ...
+ ~~~~~~~~~~~~~~~~~~~~~~~~~~~~~~~~~~~~~~~~~~~~~~~~~~~~~~~~~~~~~~~~~~~~~
    + CategoryInfo          : NotSpecified: ([31mÔ£ù[39m Build failed in 16.07s:String) [], RemoteException
    + FullyQualifiedErrorId : NativeCommandError
 
[31merror during build:
[31m[vite:build-import-analysis] [plugin vite:build-import-analysis] 
src/data/lpic1-102/extendedContent/lpic1_102_extendedContent_it.js (405:0): Failed to parse source for import 
analysis because the content contains invalid JS syntax. If you are using JSX, make sure to name the file 
with the .jsx or .tsx extension.[31m
file: [36mC:/Users/ClaudioDall'Ara/OneDrive - Agile 
Lab/Desktop/Linux_Essential/src/data/lpic1-102/extendedContent/lpic1_102_extendedContent_it.js:405:0[31m
[33m
403:   },
404: 
405: }
     ^
[31m
    at getRollupError (file:///C:/Users/ClaudioDall'Ara/OneDrive%20-%20Agile%20Lab/Desktop/Linux_Essential/nod
e_modules/rollup/dist/es/shared/parseAst.js:402:41)
    at error (file:///C:/Users/ClaudioDall'Ara/OneDrive%20-%20Agile%20Lab/Desktop/Linux_Essential/node_modules
/rollup/dist/es/shared/parseAst.js:398:42)
    at Object.error (file:///C:/Users/ClaudioDall'Ara/OneDrive%20-%20Agile%20Lab/Desktop/Linux_Essential/node_
modules/rollup/dist/es/shared/node-entry.js:22249:20)
    at Object.error (file:///C:/Users/ClaudioDall'Ara/OneDrive%20-%20Agile%20Lab/Desktop/Linux_Essential/node_
modules/rollup/dist/es/shared/node-entry.js:21298:42)
    at Object.handler (file:///C:/Users/ClaudioDall'Ara/OneDrive%20-%20Agile%20Lab/Desktop/Linux_Essential/nod
e_modules/vite/dist/node/chunks/dep-D4NMHUTW.js:45418:16)[39m
